// Jest Snapshot v1, https://goo.gl/fbAQLP

exports[`[Button] should render without crashing 1`] = `
<View
  style={
    Array [
      Object {
        "alignItems": "center",
        "justifyContent": "center",
      },
    ]
  }
>
  <
    activeOpacity={0.7}
    delayPressIn={30}
    style={
      Array [
        Object {
          "alignItems": "center",
          "alignSelf": "center",
          "borderColor": "blue",
          "borderRadius": 6,
          "flexDirection": "row",
          "height": 52,
          "justifyContent": "center",
          "paddingLeft": 16,
          "paddingRight": 16,
          "width": 320,
        },
        undefined,
        false,
      ]
    }
  >
    <Text
      style={
        Array [
          Object {
            "color": "#069ccd",
            "fontSize": 14,
          },
        ]
      }
    />
  </>
</View>
`;
